// Jest Snapshot v1, https://goo.gl/fbAQLP

exports[`loadEslint 1`] = `
Object {
  "rules": Array [],
}
`;

exports[`loadSettings 1`] = `
Object {
  "dependencies": Object {},
  "devDependencies": Object {},
}
`;

exports[`loadSettings 2`] = `
Object {
  "isJest": false,
  "isJsx": false,
  "isPostcss": false,
  "isSass": false,
  "isSemicolons": false,
  "isStorybook": false,
  "isTypescript": false,
}
`;
