// Jest Snapshot v1, https://goo.gl/fbAQLP

exports[`plop action 1`] = `
Array [
  Object {
    "path": "/home/jfehrman/Development/react-generator/src/hooks/use-request-{{snakeCase name}}.js",
    "skipIfExists": false,
    "template": undefined,
    "type": "add",
  },
  Object {
    "path": "/home/jfehrman/Development/react-generator/src/hooks/use-request-{{snakeCase name}}.js",
    "pattern": /;\\\\n/g,
    "template": "
",
    "type": "modify",
  },
]
`;
